// Jest Snapshot v1, https://goo.gl/fbAQLP

exports[`<HomePage /> should render and match the snapshot 1`] = `
<div
  class="card"
>
  <div
    class="card-header"
  >
    <h2>
      <span>
        Pokémon Trading Card Game!
      </span>
    </h2>
  </div>
  <div
    class="card-body"
  >
    <p>
      Now is the time to have a virtual Pokémon game.
    </p>
  </div>
</div>
`;
